
> Configure project :app
WARNING: The option setting 'android.usesSdkInManifest.disallowed=false' is deprecated.
The current default is 'true'.
It will be removed in version 10.0 of the Android Gradle plugin.
WARNING: The option setting 'android.sdk.defaultTargetSdkToCompileSdkIfUnset=false' is deprecated.
The current default is 'true'.
It will be removed in version 10.0 of the Android Gradle plugin.
WARNING: The option setting 'android.enableAppCompileTimeRClass=false' is deprecated.
The current default is 'true'.
It will be removed in version 10.0 of the Android Gradle plugin.
WARNING: The option setting 'android.builtInKotlin=false' is deprecated.
The current default is 'true'.
It will be removed in version 10.0 of the Android Gradle plugin.
WARNING: The option setting 'android.newDsl=false' is deprecated.
The current default is 'true'.
It will be removed in version 10.0 of the Android Gradle plugin.
WARNING: The option setting 'android.r8.optimizedResourceShrinking=false' is deprecated.
The current default is 'true'.
It will be removed in version 10.0 of the Android Gradle plugin.
WARNING: The option setting 'android.defaults.buildfeatures.resvalues=true' is deprecated.
The current default is 'false'.
It will be removed in version 10.0 of the Android Gradle plugin.
WARNING: The option setting 'android.enableJetifier=true' is deprecated.
The current default is 'false'.
It will be removed in version 10.0 of the Android Gradle plugin.
WARNING: The property android.dependency.excludeLibraryComponentsFromConstraints improves project import performance for very large projects. It should be enabled to improve performance.
To suppress this warning, add android.generateSyncIssueWhenLibraryConstraintsAreEnabled=false to gradle.properties
WARNING: The property android.dependency.excludeLibraryComponentsFromConstraints improves project import performance for very large projects. It should be enabled to improve performance.
To suppress this warning, add android.generateSyncIssueWhenLibraryConstraintsAreEnabled=false to gradle.properties
WARNING: The property android.dependency.excludeLibraryComponentsFromConstraints improves project import performance for very large projects. It should be enabled to improve performance.
To suppress this warning, add android.generateSyncIssueWhenLibraryConstraintsAreEnabled=false to gradle.properties
WARNING: The property android.dependency.excludeLibraryComponentsFromConstraints improves project import performance for very large projects. It should be enabled to improve performance.
To suppress this warning, add android.generateSyncIssueWhenLibraryConstraintsAreEnabled=false to gradle.properties

> Task :app:checkKotlinGradlePluginConfigurationErrors SKIPPED
> Task :app:preBuild UP-TO-DATE
> Task :app:preDebugBuild UP-TO-DATE
> Task :app:generateDebugBuildConfig UP-TO-DATE
> Task :app:checkDebugAarMetadata UP-TO-DATE
> Task :app:generateDebugResValues UP-TO-DATE
> Task :app:mapDebugSourceSetPaths UP-TO-DATE
> Task :app:processDebugNavigationResources UP-TO-DATE
> Task :app:compileDebugNavigationResources UP-TO-DATE
> Task :app:generateDebugResources UP-TO-DATE
> Task :app:mergeDebugResources UP-TO-DATE
> Task :app:packageDebugResources UP-TO-DATE
> Task :app:parseDebugLocalResources UP-TO-DATE
> Task :app:createDebugCompatibleScreenManifests UP-TO-DATE
> Task :app:extractDeepLinksDebug UP-TO-DATE
> Task :app:processDebugMainManifest UP-TO-DATE
> Task :app:processDebugManifest UP-TO-DATE
> Task :app:processDebugManifestForPackage UP-TO-DATE
> Task :app:processDebugResources UP-TO-DATE
> Task :app:kspDebugKotlin UP-TO-DATE

> Task :app:compileDebugKotlin FAILED
.\gradlew.bat : e: file:///D:/projects/Taskline/app/src/main/java/c
om/example/chattaskai/MainActivity.kt:50:13 Unresolved reference 
'not' for operator '!'.
At line:1 char:1
+ .\gradlew.bat compileDebugKotlin 2>&1 | Out-File -FilePath 
build_erro ...
+ ~~~~~~~~~~~~~~~~~~~~~~~~~~~~~~~~~~~~~
    + CategoryInfo          : NotSpecified: (e: file:///D:/p...r o 
   perator '!'.:String) [], RemoteException
    + FullyQualifiedErrorId : NativeCommandError
 
e: file:///D:/projects/Taskline/app/src/main/java/com/example/chatt
askai/MainActivity.kt:50:27 Overload resolution ambiguity between 
candidates:
fun isRegistrationComplete(): Boolean
fun isRegistrationComplete(): Boolean
e: file:///D:/projects/Taskline/app/src/main/java/com/example/chatt
askai/data/profile/ProfileStore.kt:73:5 Conflicting overloads:
fun isRegistrationComplete(): Boolean
e: file:///D:/projects/Taskline/app/src/main/java/com/example/chatt
askai/data/profile/ProfileStore.kt:75:5 Conflicting overloads:
fun setRegistrationComplete(phoneNumber: String): Unit
e: file:///D:/projects/Taskline/app/src/main/java/com/example/chatt
askai/data/profile/ProfileStore.kt:83:5 Conflicting overloads:
fun isRegistrationComplete(): Boolean
e: file:///D:/projects/Taskline/app/src/main/java/com/example/chatt
askai/data/profile/ProfileStore.kt:85:5 Conflicting overloads:
fun setRegistrationComplete(phoneNumber: String): Unit
e: file:///D:/projects/Taskline/app/src/main/java/com/example/chatt
askai/ui/screens/OnboardingScreen.kt:99:71 None of the following 
candidates is applicable:
fun colors(): TextFieldColors
fun colors(focusedTextColor: Color = ..., unfocusedTextColor: 
Color = ..., disabledTextColor: Color = ..., errorTextColor: Color 
= ..., focusedContainerColor: Color = ..., 
unfocusedContainerColor: Color = ..., disabledContainerColor: 
Color = ..., errorContainerColor: Color = ..., cursorColor: Color 
= ..., errorCursorColor: Color = ..., selectionColors: 
TextSelectionColors? = ..., focusedIndicatorColor: Color = ..., 
unfocusedIndicatorColor: Color = ..., disabledIndicatorColor: 
Color = ..., errorIndicatorColor: Color = ..., 
focusedLeadingIconColor: Color = ..., unfocusedLeadingIconColor: 
Color = ..., disabledLeadingIconColor: Color = ..., 
errorLeadingIconColor: Color = ..., focusedTrailingIconColor: 
Color = ..., unfocusedTrailingIconColor: Color = ..., 
disabledTrailingIconColor: Color = ..., errorTrailingIconColor: 
Color = ..., focusedLabelColor: Color = ..., unfocusedLabelColor: 
Color = ..., disabledLabelColor: Color = ..., errorLabelColor: 
Color = ..., focusedPlaceholderColor: Color = ..., 
unfocusedPlaceholderColor: Color = ..., disabledPlaceholderColor: 
Color = ..., errorPlaceholderColor: Color = ..., 
focusedSupportingTextColor: Color = ..., 
unfocusedSupportingTextColor: Color = ..., 
disabledSupportingTextColor: Color = ..., 
errorSupportingTextColor: Color = ..., focusedPrefixColor: Color = 
..., unfocusedPrefixColor: Color = ..., disabledPrefixColor: Color 
= ..., errorPrefixColor: Color = ..., focusedSuffixColor: Color = 
..., unfocusedSuffixColor: Color = ..., disabledSuffixColor: Color 
= ..., errorSuffixColor: Color = ...): TextFieldColors
e: file:///D:/projects/Taskline/app/src/main/java/com/example/chatt
askai/ui/screens/OnboardingScreen.kt:115:71 None of the following 
candidates is applicable:
fun colors(): TextFieldColors
fun colors(focusedTextColor: Color = ..., unfocusedTextColor: 
Color = ..., disabledTextColor: Color = ..., errorTextColor: Color 
= ..., focusedContainerColor: Color = ..., 
unfocusedContainerColor: Color = ..., disabledContainerColor: 
Color = ..., errorContainerColor: Color = ..., cursorColor: Color 
= ..., errorCursorColor: Color = ..., selectionColors: 
TextSelectionColors? = ..., focusedIndicatorColor: Color = ..., 
unfocusedIndicatorColor: Color = ..., disabledIndicatorColor: 
Color = ..., errorIndicatorColor: Color = ..., 
focusedLeadingIconColor: Color = ..., unfocusedLeadingIconColor: 
Color = ..., disabledLeadingIconColor: Color = ..., 
errorLeadingIconColor: Color = ..., focusedTrailingIconColor: 
Color = ..., unfocusedTrailingIconColor: Color = ..., 
disabledTrailingIconColor: Color = ..., errorTrailingIconColor: 
Color = ..., focusedLabelColor: Color = ..., unfocusedLabelColor: 
Color = ..., disabledLabelColor: Color = ..., errorLabelColor: 
Color = ..., focusedPlaceholderColor: Color = ..., 
unfocusedPlaceholderColor: Color = ..., disabledPlaceholderColor: 
Color = ..., errorPlaceholderColor: Color = ..., 
focusedSupportingTextColor: Color = ..., 
unfocusedSupportingTextColor: Color = ..., 
disabledSupportingTextColor: Color = ..., 
errorSupportingTextColor: Color = ..., focusedPrefixColor: Color = 
..., unfocusedPrefixColor: Color = ..., disabledPrefixColor: Color 
= ..., errorPrefixColor: Color = ..., focusedSuffixColor: Color = 
..., unfocusedSuffixColor: Color = ..., disabledSuffixColor: Color 
= ..., errorSuffixColor: Color = ...): TextFieldColors
e: file:///D:/projects/Taskline/app/src/main/java/com/example/chatt
askai/ui/screens/OnboardingScreen.kt:131:71 None of the following 
candidates is applicable:
fun colors(): TextFieldColors
fun colors(focusedTextColor: Color = ..., unfocusedTextColor: 
Color = ..., disabledTextColor: Color = ..., errorTextColor: Color 
= ..., focusedContainerColor: Color = ..., 
unfocusedContainerColor: Color = ..., disabledContainerColor: 
Color = ..., errorContainerColor: Color = ..., cursorColor: Color 
= ..., errorCursorColor: Color = ..., selectionColors: 
TextSelectionColors? = ..., focusedIndicatorColor: Color = ..., 
unfocusedIndicatorColor: Color = ..., disabledIndicatorColor: 
Color = ..., errorIndicatorColor: Color = ..., 
focusedLeadingIconColor: Color = ..., unfocusedLeadingIconColor: 
Color = ..., disabledLeadingIconColor: Color = ..., 
errorLeadingIconColor: Color = ..., focusedTrailingIconColor: 
Color = ..., unfocusedTrailingIconColor: Color = ..., 
disabledTrailingIconColor: Color = ..., errorTrailingIconColor: 
Color = ..., focusedLabelColor: Color = ..., unfocusedLabelColor: 
Color = ..., disabledLabelColor: Color = ..., errorLabelColor: 
Color = ..., focusedPlaceholderColor: Color = ..., 
unfocusedPlaceholderColor: Color = ..., disabledPlaceholderColor: 
Color = ..., errorPlaceholderColor: Color = ..., 
focusedSupportingTextColor: Color = ..., 
unfocusedSupportingTextColor: Color = ..., 
disabledSupportingTextColor: Color = ..., 
errorSupportingTextColor: Color = ..., focusedPrefixColor: Color = 
..., unfocusedPrefixColor: Color = ..., disabledPrefixColor: Color 
= ..., errorPrefixColor: Color = ..., focusedSuffixColor: Color = 
..., unfocusedSuffixColor: Color = ..., disabledSuffixColor: Color 
= ..., errorSuffixColor: Color = ...): TextFieldColors
e: file:///D:/projects/Taskline/app/src/main/java/com/example/chatt
askai/ui/screens/RegistrationScreen.kt:107:52 None of the 
following candidates is applicable:
fun colors(): TextFieldColors
fun colors(focusedTextColor: Color = ..., unfocusedTextColor: 
Color = ..., disabledTextColor: Color = ..., errorTextColor: Color 
= ..., focusedContainerColor: Color = ..., 
unfocusedContainerColor: Color = ..., disabledContainerColor: 
Color = ..., errorContainerColor: Color = ..., cursorColor: Color 
= ..., errorCursorColor: Color = ..., selectionColors: 
TextSelectionColors? = ..., focusedIndicatorColor: Color = ..., 
unfocusedIndicatorColor: Color = ..., disabledIndicatorColor: 
Color = ..., errorIndicatorColor: Color = ..., 
focusedLeadingIconColor: Color = ..., unfocusedLeadingIconColor: 
Color = ..., disabledLeadingIconColor: Color = ..., 
errorLeadingIconColor: Color = ..., focusedTrailingIconColor: 
Color = ..., unfocusedTrailingIconColor: Color = ..., 
disabledTrailingIconColor: Color = ..., errorTrailingIconColor: 
Color = ..., focusedLabelColor: Color = ..., unfocusedLabelColor: 
Color = ..., disabledLabelColor: Color = ..., errorLabelColor: 
Color = ..., focusedPlaceholderColor: Color = ..., 
unfocusedPlaceholderColor: Color = ..., disabledPlaceholderColor: 
Color = ..., errorPlaceholderColor: Color = ..., 
focusedSupportingTextColor: Color = ..., 
unfocusedSupportingTextColor: Color = ..., 
disabledSupportingTextColor: Color = ..., 
errorSupportingTextColor: Color = ..., focusedPrefixColor: Color = 
..., unfocusedPrefixColor: Color = ..., disabledPrefixColor: Color 
= ..., errorPrefixColor: Color = ..., focusedSuffixColor: Color = 
..., unfocusedSuffixColor: Color = ..., disabledSuffixColor: Color 
= ..., errorSuffixColor: Color = ...): TextFieldColors
e: file:///D:/projects/Taskline/app/src/main/java/com/example/chatt
askai/ui/screens/RegistrationScreen.kt:135:43 Overload resolution 
ambiguity between candidates:
fun setRegistrationComplete(phoneNumber: String): Unit
fun setRegistrationComplete(phoneNumber: String): Unit

FAILURE: Build failed with an exception.

* What went wrong:
Execution failed for task ':app:compileDebugKotlin'.
> A failure occurred while executing org.jetbrains.kotlin.compilerR
unner.GradleCompilerRunnerWithWorkers$GradleKotlinCompilerWorkActio
n
   > Compilation error. See log for more details

* Try:
> Run with --stacktrace option to get the stack trace.
> Run with --info or --debug option to get more log output.
> Run with --scan to get full insights from a Build Scan (powered 
by Develocity).
> Get more help at https://help.gradle.org.

BUILD FAILED in 1s
18 actionable tasks: 1 executed, 17 up-to-date
